
 _____      __       __  __
|  ___|__  / _| __ _|  \/  | __ _ _ __
| |_ / _ \| |_ / _` | |\/| |/ _` | '_ \ 
|  _| (_) |  _| (_| | |  | | (_| | |_) |
|_|  \___/|_|  \__,_|_|  |_|\__,_| .__/ 
                                 |_|   V1.4.1-Final
# 最终版 - 纯API调用 + 零SDK兼容问题 + 零501错误
======基础配置=======
[*]日志记录:开启
[*]每页查询数量:100条/页
[*]初始QPS:0.85
[*]结果缓存:开启

======批量查询开始=======
[+] 任务文件：C:\Users\Administrator\Desktop\ziweiqi\tools\FofaMap\url.txt
[+] 总任务数：1
[!] FOFA单账号全局1次/秒限制，已启用严格串行执行

======任务 1/1 开始=======
[+] 查询语句：domain="job.htsc.com.cn"
[+] 正在获取第1页
[✓] 第1页从缓存加载成功
[!] 已获取所有结果，提前结束
======查询结果=======
+----+-------------------------+----------+-----------------+------+---------------+-------------+---------+
| Id |           Host          | Protocol |        Ip       | Port |     Title     |    Domain   | Country |
+----+-------------------------+----------+-----------------+------+---------------+-------------+---------+
| 1  |   job.htsc.com.cn:7012  |   http   | 221.226.112.151 | 7012 |    模拟投资   | htsc.com.cn |    CN   |
| 2  |     job.htsc.com.cn     |   http   |  112.25.232.220 |  80  | 华泰证券-招聘 | htsc.com.cn |    CN   |
| 3  | https://job.htsc.com.cn |  https   |  223.112.24.204 | 443  | 华泰证券-招聘 | htsc.com.cn |    CN   |
+----+-------------------------+----------+-----------------+------+---------------+-------------+---------+
[✓] 任务 1 完成，共获取 3 条唯一结果
[进度] 已完成 1/1 个任务

======所有任务完成=======
[✓] 共完成 1/1 个任务

[总耗时] 0.06 秒
